[2026-09-26 15:24:47] local.INFO: WebRAPI - fetchInventarioData INICIO {"pagina":1,"pageSize":6,"forzarRefresco":false,"cacheKey":"webrapi_inventario_page_1"} 
[2026-09-26 15:24:47] local.INFO: WebRAPI - DEBUG obtenerTokenLocal {"api_url_leida":"http://localhost:5001","api_key_leida":"FinsoftekWebRServer2026!Key32!!!","usar_api_local_config":true} 
[2026-09-26 15:24:50] local.ERROR: WebRAPI - Error obteniendo token API Local {"error":"cURL error 7: Failed to connect to localhost port 5001 after 2253 ms: Couldn't connect to server (see https://curl.haxx.se/libcurl/c/libcurl-errors.html) for http://localhost:5001/api/auth/token"} 
[2026-09-26 15:24:50] local.WARNING: WebRAPI - No se pudo obtener token, abortando petición local  
[2026-09-26 15:24:50] local.INFO: WebRAPI - Fallback a WebRAPI para inventario (API Local no disponible)  
[2026-09-26 15:24:50] local.INFO: WebRAPI - ejecutarConPolling INICIO {"pedidoInicial":70,"argumentos":"page=1|pageSize=6"} 
[2026-09-26 15:24:50] local.INFO: WebRAPI - construirODatos INICIO {"pedido":70,"argumentos_recibidos":"page=1|pageSize=6","apiId_length":14} 
[2026-09-26 15:24:50] local.INFO: WebRAPI - construirODatos RESULTADO (OFUSCADO) {"oDatos_final":"5A2ghAZOR8waqf8mct1MUkLMfr87z2N80iDN0DWtLGwg90pdrORBsx0Iyh0dI1b0z2Y3Y20D2a8YUtRhV2RaL1SbN32jD2jILUQ2Y6z3fD0O-lVDKBDrh4Z7f64coaq7S0G8H7UDEt4h3Q70I4l8jfVDG4HU7WVFyX4WP3Zjo9zRhIE8vz0yyNu1djOhMmGj53T4v3aDWq6A7SZG0q287mpFv3J38w89ZSiG1BQlspage=1yqRd00n4pageSize=6","modifiedArgs":"page=1yqRd00n4pageSize=6"} 
[2026-09-26 15:24:50] local.INFO: WebRAPI - Petición enviada {"intento":1,"pedidoActual":70,"oDatos":"5A2ghAZOR8waqf8mct1MUkLMfr87z2N80iDN0DWtLGwg90pdrORBsx0Iyh0dI1b0z2Y3Y20D2a8YUtRhV2RaL1SbN32jD2jILUQ2Y6z3fD0O-lVDKBDrh4Z7f64coaq7S0G8H7UDEt4h3Q70I4l8jfVDG4HU7WVFyX4WP3Zjo9zRhIE8vz0yyNu1djOhMmGj53T4v3aDWq6A7SZG0q287mpFv3J38w89ZSiG1BQlspage=1yqRd00n4pageSize=6"} 
[2026-09-26 15:24:52] local.INFO: WebRAPI - Respuesta recibida {"intento":1,"respuesta_preview":"10140"} 
[2026-09-26 15:24:54] local.INFO: WebRAPI - construirODatos INICIO {"pedido":10140,"argumentos_recibidos":"page=1|pageSize=6","apiId_length":14} 
[2026-09-26 15:24:54] local.INFO: WebRAPI - construirODatos RESULTADO (OFUSCADO) {"oDatos_final":"5ZBa164V28OYOCQ9wh1waqf8mct7nU7R20070MmlDajYZ0v2M7LnJi0l9PJ67XJ0zFcL47Qi2htE1rBvk2fVfnCe3J2G8VEGTMA2xD7L88O8-HnqFy8VN4sEMV6786z3ti844UVPWEcW5210140gpm3K6RHX75DamM7sv4wkIqPo9zRhIE8vz0yyNu1sT385OE7HaqfFpo4806a5yP10SR6W3j2RQG7aO9K5n7baQ8b1page=1iKMRdaEVpageSize=6","modifiedArgs":"page=1iKMRdaEVpageSize=6"} 
[2026-09-26 15:24:54] local.INFO: WebRAPI - Petición enviada {"intento":2,"pedidoActual":10140,"oDatos":"5ZBa164V28OYOCQ9wh1waqf8mct7nU7R20070MmlDajYZ0v2M7LnJi0l9PJ67XJ0zFcL47Qi2htE1rBvk2fVfnCe3J2G8VEGTMA2xD7L88O8-HnqFy8VN4sEMV6786z3ti844UVPWEcW5210140gpm3K6RHX75DamM7sv4wkIqPo9zRhIE8vz0yyNu1sT385OE7HaqfFpo4806a5yP10SR6W3j2RQG7aO9K5n7baQ8b1page=1iKMRdaEVpageSize=6"} 
[2026-09-26 15:24:55] local.INFO: WebRAPI - Respuesta recibida {"intento":2,"respuesta_preview":"10140"} 
[2026-09-26 15:24:57] local.INFO: WebRAPI - construirODatos INICIO {"pedido":10140,"argumentos_recibidos":"page=1|pageSize=6","apiId_length":14} 
[2026-09-26 15:24:57] local.INFO: WebRAPI - construirODatos RESULTADO (OFUSCADO) {"oDatos_final":"5yqRd00n48JKNTpA8I1wyKQ2ay87sX1OUgH60C7V7Oq120FSejNQf60drnq86810oR6dNL562av061Qwv2SgvKvcfT2UUfYsnID2LAxA54Gr-lPD2B3X64kW64vKyRiSbaRMV2nh4BUEB410140uiP0q2A8CM4vyjZTCzgR4l27o9zRhIE8vz0yyNu1eg555UKP1EThv8ymlGC76Q360z835bHUFvj574271871x5xZdpage=1ukDsqd0VpageSize=6","modifiedArgs":"page=1ukDsqd0VpageSize=6"} 
[2026-09-26 15:24:57] local.INFO: WebRAPI - Petición enviada {"intento":3,"pedidoActual":10140,"oDatos":"5yqRd00n48JKNTpA8I1wyKQ2ay87sX1OUgH60C7V7Oq120FSejNQf60drnq86810oR6dNL562av061Qwv2SgvKvcfT2UUfYsnID2LAxA54Gr-lPD2B3X64kW64vKyRiSbaRMV2nh4BUEB410140uiP0q2A8CM4vyjZTCzgR4l27o9zRhIE8vz0yyNu1eg555UKP1EThv8ymlGC76Q360z835bHUFvj574271871x5xZdpage=1ukDsqd0VpageSize=6"} 
[2026-09-26 15:24:58] local.INFO: WebRAPI - Respuesta recibida {"intento":3,"respuesta_preview":"10140"} 
[2026-09-26 15:25:00] local.INFO: WebRAPI - construirODatos INICIO {"pedido":10140,"argumentos_recibidos":"page=1|pageSize=6","apiId_length":14} 
[2026-09-26 15:25:00] local.INFO: WebRAPI - construirODatos RESULTADO (OFUSCADO) {"oDatos_final":"5cVy8ArjY8nRQvAZqh1IKFFy8kA7nNtVr9pX0z2N80iDN0ucW8600A0GLW0W90J0vSSQMC1x2HIOqshU12U9221J372gN26m6G02ucW8600A-gR5Zk0ZF4swjvfsBq34P9CQ98WiS06hsu10140L695UhI7GjncXq25w5Y527n6o9zRhIE8vz0yyNu1RFM89rr0asaqoEEAS112dsP30vFTMOC9hM514zjovQp76NhZmpage=1GLW0W90JpageSize=6","modifiedArgs":"page=1GLW0W90JpageSize=6"} 
[2026-09-26 15:25:00] local.INFO: WebRAPI - Petición enviada {"intento":4,"pedidoActual":10140,"oDatos":"5cVy8ArjY8nRQvAZqh1IKFFy8kA7nNtVr9pX0z2N80iDN0ucW8600A0GLW0W90J0vSSQMC1x2HIOqshU12U9221J372gN26m6G02ucW8600A-gR5Zk0ZF4swjvfsBq34P9CQ98WiS06hsu10140L695UhI7GjncXq25w5Y527n6o9zRhIE8vz0yyNu1RFM89rr0asaqoEEAS112dsP30vFTMOC9hM514zjovQp76NhZmpage=1GLW0W90JpageSize=6"} 
[2026-09-26 15:25:04] local.INFO: WebRAPI - Respuesta recibida {"intento":4,"respuesta_preview":"10141§{\"mercancias\":[{\"id\":1,\"fecha\":\"2026-09-07\",\"cantidad\":1.00,\"marca\":\"Toyota\",\"modelo\":\"Corolla\",\"year\":2025,\"color\":\"Gris medio\",\"condicion\":1,\"precio\":1500000.00,\"moneda\":\"es-VE\",\"descripcion\""} 
[2026-09-26 15:25:04] local.INFO: WebRAPI - Inventario guardado en CACHE {"pagina":1,"cantidad":3} 
[2026-09-26 15:25:04] local.INFO: WebRAPI - fetchInventarioData RESULTADO {"pagina":1,"cantidad_vehiculos":3,"total":3,"paginas":1} 
